Archive member included to satisfy reference by file (symbol)

c:/users/dell/.eide/tools/gcc_arm/bin/../lib/gcc/arm-none-eabi/8.3.1/../../../../arm-none-eabi/lib/thumb/v7-m/nofp\libc_nano.a(lib_a-exit.o)
                              c:/users/dell/.eide/tools/gcc_arm/bin/../lib/gcc/arm-none-eabi/8.3.1/../../../../arm-none-eabi/lib/thumb/v7-m/nofp/crt0.o (exit)
c:/users/dell/.eide/tools/gcc_arm/bin/../lib/gcc/arm-none-eabi/8.3.1/../../../../arm-none-eabi/lib/thumb/v7-m/nofp\libc_nano.a(lib_a-impure.o)
                              c:/users/dell/.eide/tools/gcc_arm/bin/../lib/gcc/arm-none-eabi/8.3.1/../../../../arm-none-eabi/lib/thumb/v7-m/nofp\libc_nano.a(lib_a-exit.o) (_global_impure_ptr)
c:/users/dell/.eide/tools/gcc_arm/bin/../lib/gcc/arm-none-eabi/8.3.1/../../../../arm-none-eabi/lib/thumb/v7-m/nofp\libc_nano.a(lib_a-init.o)
                              c:/users/dell/.eide/tools/gcc_arm/bin/../lib/gcc/arm-none-eabi/8.3.1/../../../../arm-none-eabi/lib/thumb/v7-m/nofp/crt0.o (__libc_init_array)
c:/users/dell/.eide/tools/gcc_arm/bin/../lib/gcc/arm-none-eabi/8.3.1/../../../../arm-none-eabi/lib/thumb/v7-m/nofp\libc_nano.a(lib_a-memset.o)
                              c:/users/dell/.eide/tools/gcc_arm/bin/../lib/gcc/arm-none-eabi/8.3.1/../../../../arm-none-eabi/lib/thumb/v7-m/nofp/crt0.o (memset)
c:/users/dell/.eide/tools/gcc_arm/bin/../lib/gcc/arm-none-eabi/8.3.1/../../../../arm-none-eabi/lib/thumb/v7-m/nofp\libnosys.a(_exit.o)
                              c:/users/dell/.eide/tools/gcc_arm/bin/../lib/gcc/arm-none-eabi/8.3.1/../../../../arm-none-eabi/lib/thumb/v7-m/nofp\libc_nano.a(lib_a-exit.o) (_exit)

Discarded input sections

 .text          0x00000000        0x0 c:/users/dell/.eide/tools/gcc_arm/bin/../lib/gcc/arm-none-eabi/8.3.1/thumb/v7-m/nofp/crti.o
 .data          0x00000000        0x0 c:/users/dell/.eide/tools/gcc_arm/bin/../lib/gcc/arm-none-eabi/8.3.1/thumb/v7-m/nofp/crti.o
 .bss           0x00000000        0x0 c:/users/dell/.eide/tools/gcc_arm/bin/../lib/gcc/arm-none-eabi/8.3.1/thumb/v7-m/nofp/crti.o
 .data          0x00000000        0x4 c:/users/dell/.eide/tools/gcc_arm/bin/../lib/gcc/arm-none-eabi/8.3.1/thumb/v7-m/nofp/crtbegin.o
 .text          0x00000000       0x74 c:/users/dell/.eide/tools/gcc_arm/bin/../lib/gcc/arm-none-eabi/8.3.1/../../../../arm-none-eabi/lib/thumb/v7-m/nofp/crt0.o
 .data          0x00000000        0x0 c:/users/dell/.eide/tools/gcc_arm/bin/../lib/gcc/arm-none-eabi/8.3.1/../../../../arm-none-eabi/lib/thumb/v7-m/nofp/crt0.o
 .bss           0x00000000        0x0 c:/users/dell/.eide/tools/gcc_arm/bin/../lib/gcc/arm-none-eabi/8.3.1/../../../../arm-none-eabi/lib/thumb/v7-m/nofp/crt0.o
 .ARM.extab     0x00000000        0x0 c:/users/dell/.eide/tools/gcc_arm/bin/../lib/gcc/arm-none-eabi/8.3.1/../../../../arm-none-eabi/lib/thumb/v7-m/nofp/crt0.o
 .ARM.exidx     0x00000000        0x8 c:/users/dell/.eide/tools/gcc_arm/bin/../lib/gcc/arm-none-eabi/8.3.1/../../../../arm-none-eabi/lib/thumb/v7-m/nofp/crt0.o
 .ARM.attributes
                0x00000000       0x1b c:/users/dell/.eide/tools/gcc_arm/bin/../lib/gcc/arm-none-eabi/8.3.1/../../../../arm-none-eabi/lib/thumb/v7-m/nofp/crt0.o
 .text          0x00000000        0x0 ./build/Debug/hal/STM32F10x_StdPeriph_Driver/src/misc.o
 .data          0x00000000        0x0 ./build/Debug/hal/STM32F10x_StdPeriph_Driver/src/misc.o
 .bss           0x00000000        0x0 ./build/Debug/hal/STM32F10x_StdPeriph_Driver/src/misc.o
 .text.NVIC_PriorityGroupConfig
                0x00000000       0x14 ./build/Debug/hal/STM32F10x_StdPeriph_Driver/src/misc.o
 .text.NVIC_Init
                0x00000000       0x64 ./build/Debug/hal/STM32F10x_StdPeriph_Driver/src/misc.o
 .text.NVIC_SetVectorTable
                0x00000000       0x14 ./build/Debug/hal/STM32F10x_StdPeriph_Driver/src/misc.o
 .text.NVIC_SystemLPConfig
                0x00000000       0x1c ./build/Debug/hal/STM32F10x_StdPeriph_Driver/src/misc.o
 .text.SysTick_CLKSourceConfig
                0x00000000       0x20 ./build/Debug/hal/STM32F10x_StdPeriph_Driver/src/misc.o
 .debug_info    0x00000000      0x5b2 ./build/Debug/hal/STM32F10x_StdPeriph_Driver/src/misc.o
 .debug_abbrev  0x00000000      0x1ad ./build/Debug/hal/STM32F10x_StdPeriph_Driver/src/misc.o
 .debug_loc     0x00000000      0x16b ./build/Debug/hal/STM32F10x_StdPeriph_Driver/src/misc.o
 .debug_aranges
                0x00000000       0x40 ./build/Debug/hal/STM32F10x_StdPeriph_Driver/src/misc.o
 .debug_ranges  0x00000000       0x30 ./build/Debug/hal/STM32F10x_StdPeriph_Driver/src/misc.o
 .debug_line    0x00000000      0x2bd ./build/Debug/hal/STM32F10x_StdPeriph_Driver/src/misc.o
 .debug_str     0x00000000      0x433 ./build/Debug/hal/STM32F10x_StdPeriph_Driver/src/misc.o
 .comment       0x00000000       0x77 ./build/Debug/hal/STM32F10x_StdPeriph_Driver/src/misc.o
 .debug_frame   0x00000000       0x6c ./build/Debug/hal/STM32F10x_StdPeriph_Driver/src/misc.o
 .ARM.attributes
                0x00000000       0x2d ./build/Debug/hal/STM32F10x_StdPeriph_Driver/src/misc.o
 .text          0x00000000        0x0 ./build/Debug/hal/STM32F10x_StdPeriph_Driver/src/stm32f10x_adc.o
 .data          0x00000000        0x0 ./build/Debug/hal/STM32F10x_StdPeriph_Driver/src/stm32f10x_adc.o
 .bss           0x00000000        0x0 ./build/Debug/hal/STM32F10x_StdPeriph_Driver/src/stm32f10x_adc.o
 .text.ADC_DeInit
                0x00000000       0x64 ./build/Debug/hal/STM32F10x_StdPeriph_Driver/src/stm32f10x_adc.o
 .text.ADC_Init
                0x00000000       0x48 ./build/Debug/hal/STM32F10x_StdPeriph_Driver/src/stm32f10x_adc.o
 .text.ADC_StructInit
                0x00000000       0x12 ./build/Debug/hal/STM32F10x_StdPeriph_Driver/src/stm32f10x_adc.o
 .text.ADC_Cmd  0x00000000       0x16 ./build/Debug/hal/STM32F10x_StdPeriph_Driver/src/stm32f10x_adc.o
 .text.ADC_DMACmd
                0x00000000       0x16 ./build/Debug/hal/STM32F10x_StdPeriph_Driver/src/stm32f10x_adc.o
 .text.ADC_ITConfig
                0x00000000       0x16 ./build/Debug/hal/STM32F10x_StdPeriph_Driver/src/stm32f10x_adc.o
 .text.ADC_ResetCalibration
                0x00000000        0xa ./build/Debug/hal/STM32F10x_StdPeriph_Driver/src/stm32f10x_adc.o
 .text.ADC_GetResetCalibrationStatus
                0x00000000       0x10 ./build/Debug/hal/STM32F10x_StdPeriph_Driver/src/stm32f10x_adc.o
 .text.ADC_StartCalibration
                0x00000000        0xa ./build/Debug/hal/STM32F10x_StdPeriph_Driver/src/stm32f10x_adc.o
 .text.ADC_GetCalibrationStatus
                0x00000000       0x10 ./build/Debug/hal/STM32F10x_StdPeriph_Driver/src/stm32f10x_adc.o
 .text.ADC_SoftwareStartConvCmd
                0x00000000       0x16 ./build/Debug/hal/STM32F10x_StdPeriph_Driver/src/stm32f10x_adc.o
 .text.ADC_GetSoftwareStartConvStatus
                0x00000000       0x10 ./build/Debug/hal/STM32F10x_StdPeriph_Driver/src/stm32f10x_adc.o
 .text.ADC_DiscModeChannelCountConfig
                0x00000000       0x10 ./build/Debug/hal/STM32F10x_StdPeriph_Driver/src/stm32f10x_adc.o
 .text.ADC_DiscModeCmd
                0x00000000       0x16 ./build/Debug/hal/STM32F10x_StdPeriph_Driver/src/stm32f10x_adc.o
 .text.ADC_RegularChannelConfig
                0x00000000       0x8e ./build/Debug/hal/STM32F10x_StdPeriph_Driver/src/stm32f10x_adc.o
 .text.ADC_ExternalTrigConvCmd
                0x00000000       0x16 ./build/Debug/hal/STM32F10x_StdPeriph_Driver/src/stm32f10x_adc.o
 .text.ADC_GetConversionValue
                0x00000000        0x6 ./build/Debug/hal/STM32F10x_StdPeriph_Driver/src/stm32f10x_adc.o
 .text.ADC_GetDualModeConversionValue
                0x00000000        0xc ./build/Debug/hal/STM32F10x_StdPeriph_Driver/src/stm32f10x_adc.o
 .text.ADC_AutoInjectedConvCmd
                0x00000000       0x16 ./build/Debug/hal/STM32F10x_StdPeriph_Driver/src/stm32f10x_adc.o
 .text.ADC_InjectedDiscModeCmd
                0x00000000       0x16 ./build/Debug/hal/STM32F10x_StdPeriph_Driver/src/stm32f10x_adc.o
 .text.ADC_ExternalTrigInjectedConvConfig
                0x00000000        0xc ./build/Debug/hal/STM32F10x_StdPeriph_Driver/src/stm32f10x_adc.o
 .text.ADC_ExternalTrigInjectedConvCmd
                0x00000000       0x16 ./build/Debug/hal/STM32F10x_StdPeriph_Driver/src/stm32f10x_adc.o
 .text.ADC_SoftwareStartInjectedConvCmd
                0x00000000       0x16 ./build/Debug/hal/STM32F10x_StdPeriph_Driver/src/stm32f10x_adc.o
 .text.ADC_GetSoftwareStartInjectedConvCmdStatus
                0x00000000       0x10 ./build/Debug/hal/STM32F10x_StdPeriph_Driver/src/stm32f10x_adc.o
 .text.ADC_InjectedChannelConfig
                0x00000000       0x5e ./build/Debug/hal/STM32F10x_StdPeriph_Driver/src/stm32f10x_adc.o
 .text.ADC_InjectedSequencerLengthConfig
                0x00000000       0x10 ./build/Debug/hal/STM32F10x_StdPeriph_Driver/src/stm32f10x_adc.o
 .text.ADC_SetInjectedOffset
                0x00000000       0x16 ./build/Debug/hal/STM32F10x_StdPeriph_Driver/src/stm32f10x_adc.o
 .text.ADC_GetInjectedConversionValue
                0x00000000       0x1a ./build/Debug/hal/STM32F10x_StdPeriph_Driver/src/stm32f10x_adc.o
 .text.ADC_AnalogWatchdogCmd
                0x00000000       0x10 ./build/Debug/hal/STM32F10x_StdPeriph_Driver/src/stm32f10x_adc.o
 .text.ADC_AnalogWatchdogThresholdsConfig
                0x00000000        0x6 ./build/Debug/hal/STM32F10x_StdPeriph_Driver/src/stm32f10x_adc.o
 .text.ADC_AnalogWatchdogSingleChannelConfig
                0x00000000        0xc ./build/Debug/hal/STM32F10x_StdPeriph_Driver/src/stm32f10x_adc.o
 .text.ADC_TempSensorVrefintCmd
                0x00000000       0x20 ./build/Debug/hal/STM32F10x_StdPeriph_Driver/src/stm32f10x_adc.o
 .text.ADC_GetFlagStatus
                0x00000000        0xe ./build/Debug/hal/STM32F10x_StdPeriph_Driver/src/stm32f10x_adc.o
 .text.ADC_ClearFlag
                0x00000000        0x6 ./build/Debug/hal/STM32F10x_StdPeriph_Driver/src/stm32f10x_adc.o
 .text.ADC_GetITStatus
                0x00000000       0x1c ./build/Debug/hal/STM32F10x_StdPeriph_Driver/src/stm32f10x_adc.o
 .text.ADC_ClearITPendingBit
                0x00000000        0x8 ./build/Debug/hal/STM32F10x_StdPeriph_Driver/src/stm32f10x_adc.o
 .debug_info    0x00000000      0xd9e ./build/Debug/hal/STM32F10x_StdPeriph_Driver/src/stm32f10x_adc.o
 .debug_abbrev  0x00000000      0x220 ./build/Debug/hal/STM32F10x_StdPeriph_Driver/src/stm32f10x_adc.o
 .debug_loc     0x00000000      0xaf2 ./build/Debug/hal/STM32F10x_StdPeriph_Driver/src/stm32f10x_adc.o
 .debug_aranges
                0x00000000      0x138 ./build/Debug/hal/STM32F10x_StdPeriph_Driver/src/stm32f10x_adc.o
 .debug_ranges  0x00000000      0x128 ./build/Debug/hal/STM32F10x_StdPeriph_Driver/src/stm32f10x_adc.o
 .debug_line    0x00000000      0xa91 ./build/Debug/hal/STM32F10x_StdPeriph_Driver/src/stm32f10x_adc.o
 .debug_str     0x00000000      0x787 ./build/Debug/hal/STM32F10x_StdPeriph_Driver/src/stm32f10x_adc.o
 .comment       0x00000000       0x77 ./build/Debug/hal/STM32F10x_StdPeriph_Driver/src/stm32f10x_adc.o
 .debug_frame   0x00000000      0x29c ./build/Debug/hal/STM32F10x_StdPeriph_Driver/src/stm32f10x_adc.o
 .ARM.attributes
                0x00000000       0x2d ./build/Debug/hal/STM32F10x_StdPeriph_Driver/src/stm32f10x_adc.o
 .text          0x00000000        0x0 ./build/Debug/hal/STM32F10x_StdPeriph_Driver/src/stm32f10x_exti.o
 .data          0x00000000        0x0 ./build/Debug/hal/STM32F10x_StdPeriph_Driver/src/stm32f10x_exti.o
 .bss           0x00000000        0x0 ./build/Debug/hal/STM32F10x_StdPeriph_Driver/src/stm32f10x_exti.o
 .text.EXTI_DeInit
                0x00000000       0x1c ./build/Debug/hal/STM32F10x_StdPeriph_Driver/src/stm32f10x_exti.o
 .text.EXTI_Init
                0x00000000       0x8c ./build/Debug/hal/STM32F10x_StdPeriph_Driver/src/stm32f10x_exti.o
 .text.EXTI_StructInit
                0x00000000        0xe ./build/Debug/hal/STM32F10x_StdPeriph_Driver/src/stm32f10x_exti.o
 .text.EXTI_GenerateSWInterrupt
                0x00000000       0x10 ./build/Debug/hal/STM32F10x_StdPeriph_Driver/src/stm32f10x_exti.o
 .text.EXTI_GetFlagStatus
                0x00000000       0x14 ./build/Debug/hal/STM32F10x_StdPeriph_Driver/src/stm32f10x_exti.o
 .text.EXTI_ClearFlag
                0x00000000        0xc ./build/Debug/hal/STM32F10x_StdPeriph_Driver/src/stm32f10x_exti.o
 .text.EXTI_GetITStatus
                0x00000000       0x20 ./build/Debug/hal/STM32F10x_StdPeriph_Driver/src/stm32f10x_exti.o
 .text.EXTI_ClearITPendingBit
                0x00000000        0xc ./build/Debug/hal/STM32F10x_StdPeriph_Driver/src/stm32f10x_exti.o
 .debug_info    0x00000000      0x3ac ./build/Debug/hal/STM32F10x_StdPeriph_Driver/src/stm32f10x_exti.o
 .debug_abbrev  0x00000000      0x1a8 ./build/Debug/hal/STM32F10x_StdPeriph_Driver/src/stm32f10x_exti.o
 .debug_loc     0x00000000      0x1a2 ./build/Debug/hal/STM32F10x_StdPeriph_Driver/src/stm32f10x_exti.o
 .debug_aranges
                0x00000000       0x58 ./build/Debug/hal/STM32F10x_StdPeriph_Driver/src/stm32f10x_exti.o
 .debug_ranges  0x00000000       0x48 ./build/Debug/hal/STM32F10x_StdPeriph_Driver/src/stm32f10x_exti.o
 .debug_line    0x00000000      0x399 ./build/Debug/hal/STM32F10x_StdPeriph_Driver/src/stm32f10x_exti.o
 .debug_str     0x00000000      0x3be ./build/Debug/hal/STM32F10x_StdPeriph_Driver/src/stm32f10x_exti.o
 .comment       0x00000000       0x77 ./build/Debug/hal/STM32F10x_StdPeriph_Driver/src/stm32f10x_exti.o
 .debug_frame   0x00000000       0xa0 ./build/Debug/hal/STM32F10x_StdPeriph_Driver/src/stm32f10x_exti.o
 .ARM.attributes
                0x00000000       0x2d ./build/Debug/hal/STM32F10x_StdPeriph_Driver/src/stm32f10x_exti.o
 .text          0x00000000        0x0 ./build/Debug/hal/STM32F10x_StdPeriph_Driver/src/stm32f10x_gpio.o
 .data          0x00000000        0x0 ./build/Debug/hal/STM32F10x_StdPeriph_Driver/src/stm32f10x_gpio.o
 .bss           0x00000000        0x0 ./build/Debug/hal/STM32F10x_StdPeriph_Driver/src/stm32f10x_gpio.o
 .text.GPIO_DeInit
                0x00000000       0xcc ./build/Debug/hal/STM32F10x_StdPeriph_Driver/src/stm32f10x_gpio.o
 .text.GPIO_AFIODeInit
                0x00000000       0x14 ./build/Debug/hal/STM32F10x_StdPeriph_Driver/src/stm32f10x_gpio.o
 .text.GPIO_StructInit
                0x00000000       0x10 ./build/Debug/hal/STM32F10x_StdPeriph_Driver/src/stm32f10x_gpio.o
 .text.GPIO_ReadInputData
                0x00000000        0x6 ./build/Debug/hal/STM32F10x_StdPeriph_Driver/src/stm32f10x_gpio.o
 .text.GPIO_ReadOutputDataBit
                0x00000000        0xe ./build/Debug/hal/STM32F10x_StdPeriph_Driver/src/stm32f10x_gpio.o
 .text.GPIO_ReadOutputData
                0x00000000        0x6 ./build/Debug/hal/STM32F10x_StdPeriph_Driver/src/stm32f10x_gpio.o
 .text.GPIO_SetBits
                0x00000000        0x4 ./build/Debug/hal/STM32F10x_StdPeriph_Driver/src/stm32f10x_gpio.o
 .text.GPIO_ResetBits
                0x00000000        0x4 ./build/Debug/hal/STM32F10x_StdPeriph_Driver/src/stm32f10x_gpio.o
 .text.GPIO_Write
                0x00000000        0x4 ./build/Debug/hal/STM32F10x_StdPeriph_Driver/src/stm32f10x_gpio.o
 .text.GPIO_PinLockConfig
                0x00000000       0x10 ./build/Debug/hal/STM32F10x_StdPeriph_Driver/src/stm32f10x_gpio.o
 .text.GPIO_EventOutputConfig
                0x00000000       0x1c ./build/Debug/hal/STM32F10x_StdPeriph_Driver/src/stm32f10x_gpio.o
 .text.GPIO_EventOutputCmd
                0x00000000        0xc ./build/Debug/hal/STM32F10x_StdPeriph_Driver/src/stm32f10x_gpio.o
 .text.GPIO_PinRemapConfig
                0x00000000       0x78 ./build/Debug/hal/STM32F10x_StdPeriph_Driver/src/stm32f10x_gpio.o
 .text.GPIO_EXTILineConfig
                0x00000000       0x34 ./build/Debug/hal/STM32F10x_StdPeriph_Driver/src/stm32f10x_gpio.o
 .text.GPIO_ETH_MediaInterfaceConfig
                0x00000000        0xc ./build/Debug/hal/STM32F10x_StdPeriph_Driver/src/stm32f10x_gpio.o
 .text          0x00000000        0x0 ./build/Debug/hal/STM32F10x_StdPeriph_Driver/src/stm32f10x_rcc.o
 .data          0x00000000        0x0 ./build/Debug/hal/STM32F10x_StdPeriph_Driver/src/stm32f10x_rcc.o
 .bss           0x00000000        0x0 ./build/Debug/hal/STM32F10x_StdPeriph_Driver/src/stm32f10x_rcc.o
 .text.RCC_DeInit
                0x00000000       0x40 ./build/Debug/hal/STM32F10x_StdPeriph_Driver/src/stm32f10x_rcc.o
 .text.RCC_HSEConfig
                0x00000000       0x3c ./build/Debug/hal/STM32F10x_StdPeriph_Driver/src/stm32f10x_rcc.o
 .text.RCC_AdjustHSICalibrationValue
                0x00000000       0x14 ./build/Debug/hal/STM32F10x_StdPeriph_Driver/src/stm32f10x_rcc.o
 .text.RCC_HSICmd
                0x00000000        0xc ./build/Debug/hal/STM32F10x_StdPeriph_Driver/src/stm32f10x_rcc.o
 .text.RCC_PLLConfig
                0x00000000       0x14 ./build/Debug/hal/STM32F10x_StdPeriph_Driver/src/stm32f10x_rcc.o
 .text.RCC_PLLCmd
                0x00000000        0xc ./build/Debug/hal/STM32F10x_StdPeriph_Driver/src/stm32f10x_rcc.o
 .text.RCC_SYSCLKConfig
                0x00000000       0x14 ./build/Debug/hal/STM32F10x_StdPeriph_Driver/src/stm32f10x_rcc.o
 .text.RCC_GetSYSCLKSource
                0x00000000       0x10 ./build/Debug/hal/STM32F10x_StdPeriph_Driver/src/stm32f10x_rcc.o
 .text.RCC_HCLKConfig
                0x00000000       0x14 ./build/Debug/hal/STM32F10x_StdPeriph_Driver/src/stm32f10x_rcc.o
 .text.RCC_PCLK1Config
                0x00000000       0x14 ./build/Debug/hal/STM32F10x_StdPeriph_Driver/src/stm32f10x_rcc.o
 .text.RCC_PCLK2Config
                0x00000000       0x14 ./build/Debug/hal/STM32F10x_StdPeriph_Driver/src/stm32f10x_rcc.o
 .text.RCC_ITConfig
                0x00000000       0x1c ./build/Debug/hal/STM32F10x_StdPeriph_Driver/src/stm32f10x_rcc.o
 .text.RCC_USBCLKConfig
                0x00000000        0xc ./build/Debug/hal/STM32F10x_StdPeriph_Driver/src/stm32f10x_rcc.o
 .text.RCC_ADCCLKConfig
                0x00000000       0x14 ./build/Debug/hal/STM32F10x_StdPeriph_Driver/src/stm32f10x_rcc.o
 .text.RCC_LSEConfig
                0x00000000       0x28 ./build/Debug/hal/STM32F10x_StdPeriph_Driver/src/stm32f10x_rcc.o
 .text.RCC_LSICmd
                0x00000000        0xc ./build/Debug/hal/STM32F10x_StdPeriph_Driver/src/stm32f10x_rcc.o
 .text.RCC_RTCCLKConfig
                0x00000000       0x10 ./build/Debug/hal/STM32F10x_StdPeriph_Driver/src/stm32f10x_rcc.o
 .text.RCC_RTCCLKCmd
                0x00000000        0xc ./build/Debug/hal/STM32F10x_StdPeriph_Driver/src/stm32f10x_rcc.o
 .text.RCC_GetClocksFreq
                0x00000000       0xbc ./build/Debug/hal/STM32F10x_StdPeriph_Driver/src/stm32f10x_rcc.o
 .text.RCC_AHBPeriphClockCmd
                0x00000000       0x1c ./build/Debug/hal/STM32F10x_StdPeriph_Driver/src/stm32f10x_rcc.o
 .text.RCC_APB1PeriphClockCmd
                0x00000000       0x1c ./build/Debug/hal/STM32F10x_StdPeriph_Driver/src/stm32f10x_rcc.o
 .text.RCC_APB2PeriphResetCmd
                0x00000000       0x1c ./build/Debug/hal/STM32F10x_StdPeriph_Driver/src/stm32f10x_rcc.o
 .text.RCC_APB1PeriphResetCmd
                0x00000000       0x1c ./build/Debug/hal/STM32F10x_StdPeriph_Driver/src/stm32f10x_rcc.o
 .text.RCC_BackupResetCmd
                0x00000000        0xc ./build/Debug/hal/STM32F10x_StdPeriph_Driver/src/stm32f10x_rcc.o
 .text.RCC_ClockSecuritySystemCmd
                0x00000000        0xc ./build/Debug/hal/STM32F10x_StdPeriph_Driver/src/stm32f10x_rcc.o
 .text.RCC_MCOConfig
                0x00000000        0xc ./build/Debug/hal/STM32F10x_StdPeriph_Driver/src/stm32f10x_rcc.o
 .text.RCC_GetFlagStatus
                0x00000000       0x34 ./build/Debug/hal/STM32F10x_StdPeriph_Driver/src/stm32f10x_rcc.o
 .text.RCC_WaitForHSEStartUp
                0x00000000       0x34 ./build/Debug/hal/STM32F10x_StdPeriph_Driver/src/stm32f10x_rcc.o
 .text.RCC_ClearFlag
                0x00000000       0x10 ./build/Debug/hal/STM32F10x_StdPeriph_Driver/src/stm32f10x_rcc.o
 .text.RCC_GetITStatus
                0x00000000       0x14 ./build/Debug/hal/STM32F10x_StdPeriph_Driver/src/stm32f10x_rcc.o
 .text.RCC_ClearITPendingBit
                0x00000000        0xc ./build/Debug/hal/STM32F10x_StdPeriph_Driver/src/stm32f10x_rcc.o
 .data.ADCPrescTable
                0x00000000        0x4 ./build/Debug/hal/STM32F10x_StdPeriph_Driver/src/stm32f10x_rcc.o
 .data.APBAHBPrescTable
                0x00000000       0x10 ./build/Debug/hal/STM32F10x_StdPeriph_Driver/src/stm32f10x_rcc.o
 .text          0x00000000        0x0 ./build/Debug/hal/STM32F10x_StdPeriph_Driver/src/stm32f10x_spi.o
 .data          0x00000000        0x0 ./build/Debug/hal/STM32F10x_StdPeriph_Driver/src/stm32f10x_spi.o
 .bss           0x00000000        0x0 ./build/Debug/hal/STM32F10x_StdPeriph_Driver/src/stm32f10x_spi.o
 .text.SPI_I2S_DeInit
                0x00000000       0x64 ./build/Debug/hal/STM32F10x_StdPeriph_Driver/src/stm32f10x_spi.o
 .text.SPI_Init
                0x00000000       0x4c ./build/Debug/hal/STM32F10x_StdPeriph_Driver/src/stm32f10x_spi.o
 .text.I2S_Init
                0x00000000       0xb8 ./build/Debug/hal/STM32F10x_StdPeriph_Driver/src/stm32f10x_spi.o
 .text.SPI_StructInit
                0x00000000       0x18 ./build/Debug/hal/STM32F10x_StdPeriph_Driver/src/stm32f10x_spi.o
 .text.I2S_StructInit
                0x00000000       0x12 ./build/Debug/hal/STM32F10x_StdPeriph_Driver/src/stm32f10x_spi.o
 .text.SPI_Cmd  0x00000000       0x1a ./build/Debug/hal/STM32F10x_StdPeriph_Driver/src/stm32f10x_spi.o
 .text.I2S_Cmd  0x00000000       0x1a ./build/Debug/hal/STM32F10x_StdPeriph_Driver/src/stm32f10x_spi.o
 .text.SPI_I2S_ITConfig
                0x00000000       0x1c ./build/Debug/hal/STM32F10x_StdPeriph_Driver/src/stm32f10x_spi.o
 .text.SPI_I2S_DMACmd
                0x00000000       0x14 ./build/Debug/hal/STM32F10x_StdPeriph_Driver/src/stm32f10x_spi.o
 .text.SPI_I2S_SendData
                0x00000000        0x4 ./build/Debug/hal/STM32F10x_StdPeriph_Driver/src/stm32f10x_spi.o
 .text.SPI_I2S_ReceiveData
                0x00000000        0x4 ./build/Debug/hal/STM32F10x_StdPeriph_Driver/src/stm32f10x_spi.o
 .text.SPI_NSSInternalSoftwareConfig
                0x00000000       0x20 ./build/Debug/hal/STM32F10x_StdPeriph_Driver/src/stm32f10x_spi.o
 .text.SPI_SSOutputCmd
                0x00000000       0x1a ./build/Debug/hal/STM32F10x_StdPeriph_Driver/src/stm32f10x_spi.o
 .text.SPI_DataSizeConfig
                0x00000000       0x14 ./build/Debug/hal/STM32F10x_StdPeriph_Driver/src/stm32f10x_spi.o
 .text.SPI_TransmitCRC
                0x00000000        0xa ./build/Debug/hal/STM32F10x_StdPeriph_Driver/src/stm32f10x_spi.o
 .text.SPI_CalculateCRC
                0x00000000       0x1a ./build/Debug/hal/STM32F10x_StdPeriph_Driver/src/stm32f10x_spi.o
 .text.SPI_GetCRC
                0x00000000       0x10 ./build/Debug/hal/STM32F10x_StdPeriph_Driver/src/stm32f10x_spi.o
 .text.SPI_GetCRCPolynomial
                0x00000000        0x4 ./build/Debug/hal/STM32F10x_StdPeriph_Driver/src/stm32f10x_spi.o
 .text.SPI_BiDirectionalLineConfig
                0x00000000       0x1e ./build/Debug/hal/STM32F10x_StdPeriph_Driver/src/stm32f10x_spi.o
 .text.SPI_I2S_GetFlagStatus
                0x00000000        0xe ./build/Debug/hal/STM32F10x_StdPeriph_Driver/src/stm32f10x_spi.o
 .text.SPI_I2S_ClearFlag
                0x00000000        0x8 ./build/Debug/hal/STM32F10x_StdPeriph_Driver/src/stm32f10x_spi.o
 .text.SPI_I2S_GetITStatus
                0x00000000       0x26 ./build/Debug/hal/STM32F10x_StdPeriph_Driver/src/stm32f10x_spi.o
 .text.SPI_I2S_ClearITPendingBit
                0x00000000       0x12 ./build/Debug/hal/STM32F10x_StdPeriph_Driver/src/stm32f10x_spi.o
 .debug_info    0x00000000      0xadd ./build/Debug/hal/STM32F10x_StdPeriph_Driver/src/stm32f10x_spi.o
 .debug_abbrev  0x00000000      0x218 ./build/Debug/hal/STM32F10x_StdPeriph_Driver/src/stm32f10x_spi.o
 .debug_loc     0x00000000      0x6f4 ./build/Debug/hal/STM32F10x_StdPeriph_Driver/src/stm32f10x_spi.o
 .debug_aranges
                0x00000000       0xd0 ./build/Debug/hal/STM32F10x_StdPeriph_Driver/src/stm32f10x_spi.o
 .debug_ranges  0x00000000       0xc0 ./build/Debug/hal/STM32F10x_StdPeriph_Driver/src/stm32f10x_spi.o
 .debug_line    0x00000000      0x74b ./build/Debug/hal/STM32F10x_StdPeriph_Driver/src/stm32f10x_spi.o
 .debug_str     0x00000000      0x6b2 ./build/Debug/hal/STM32F10x_StdPeriph_Driver/src/stm32f10x_spi.o
 .comment       0x00000000       0x77 ./build/Debug/hal/STM32F10x_StdPeriph_Driver/src/stm32f10x_spi.o
 .debug_frame   0x00000000      0x1b0 ./build/Debug/hal/STM32F10x_StdPeriph_Driver/src/stm32f10x_spi.o
 .ARM.attributes
                0x00000000       0x2d ./build/Debug/hal/STM32F10x_StdPeriph_Driver/src/stm32f10x_spi.o
 .text          0x00000000        0x0 ./build/Debug/hal/STM32F10x_StdPeriph_Driver/src/stm32f10x_tim.o
 .data          0x00000000        0x0 ./build/Debug/hal/STM32F10x_StdPeriph_Driver/src/stm32f10x_tim.o
 .bss           0x00000000        0x0 ./build/Debug/hal/STM32F10x_StdPeriph_Driver/src/stm32f10x_tim.o
 .text.TI1_Config
                0x00000000       0x74 ./build/Debug/hal/STM32F10x_StdPeriph_Driver/src/stm32f10x_tim.o
 .text.TI2_Config
                0x00000000       0x7c ./build/Debug/hal/STM32F10x_StdPeriph_Driver/src/stm32f10x_tim.o
 .text.TI3_Config
                0x00000000       0x74 ./build/Debug/hal/STM32F10x_StdPeriph_Driver/src/stm32f10x_tim.o
 .text.TI4_Config
                0x00000000       0x80 ./build/Debug/hal/STM32F10x_StdPeriph_Driver/src/stm32f10x_tim.o
 .text.TIM_DeInit
                0x00000000      0x20c ./build/Debug/hal/STM32F10x_StdPeriph_Driver/src/stm32f10x_tim.o
 .text.TIM_TimeBaseInit
                0x00000000       0x94 ./build/Debug/hal/STM32F10x_StdPeriph_Driver/src/stm32f10x_tim.o
 .text.TIM_OC1Init
                0x00000000       0x84 ./build/Debug/hal/STM32F10x_StdPeriph_Driver/src/stm32f10x_tim.o
 .text.TIM_OC2Init
                0x00000000       0x88 ./build/Debug/hal/STM32F10x_StdPeriph_Driver/src/stm32f10x_tim.o
 .text.TIM_OC3Init
                0x00000000       0x84 ./build/Debug/hal/STM32F10x_StdPeriph_Driver/src/stm32f10x_tim.o
 .text.TIM_OC4Init
                0x00000000       0x68 ./build/Debug/hal/STM32F10x_StdPeriph_Driver/src/stm32f10x_tim.o
 .text.TIM_BDTRConfig
                0x00000000       0x28 ./build/Debug/hal/STM32F10x_StdPeriph_Driver/src/stm32f10x_tim.o
 .text.TIM_TimeBaseStructInit
                0x00000000       0x12 ./build/Debug/hal/STM32F10x_StdPeriph_Driver/src/stm32f10x_tim.o
 .text.TIM_OCStructInit
                0x00000000       0x14 ./build/Debug/hal/STM32F10x_StdPeriph_Driver/src/stm32f10x_tim.o
 .text.TIM_ICStructInit
                0x00000000       0x10 ./build/Debug/hal/STM32F10x_StdPeriph_Driver/src/stm32f10x_tim.o
 .text.TIM_BDTRStructInit
                0x00000000       0x12 ./build/Debug/hal/STM32F10x_StdPeriph_Driver/src/stm32f10x_tim.o
 .text.TIM_Cmd  0x00000000       0x1a ./build/Debug/hal/STM32F10x_StdPeriph_Driver/src/stm32f10x_tim.o
 .text.TIM_CtrlPWMOutputs
                0x00000000       0x1e ./build/Debug/hal/STM32F10x_StdPeriph_Driver/src/stm32f10x_tim.o
 .text.TIM_ITConfig
                0x00000000       0x14 ./build/Debug/hal/STM32F10x_StdPeriph_Driver/src/stm32f10x_tim.o
 .text.TIM_GenerateEvent
                0x00000000        0x4 ./build/Debug/hal/STM32F10x_StdPeriph_Driver/src/stm32f10x_tim.o
 .text.TIM_DMAConfig
                0x00000000        0x8 ./build/Debug/hal/STM32F10x_StdPeriph_Driver/src/stm32f10x_tim.o
 .text.TIM_DMACmd
                0x00000000       0x14 ./build/Debug/hal/STM32F10x_StdPeriph_Driver/src/stm32f10x_tim.o
 .text.TIM_InternalClockConfig
                0x00000000        0xe ./build/Debug/hal/STM32F10x_StdPeriph_Driver/src/stm32f10x_tim.o
 .text.TIM_ETRConfig
                0x00000000       0x16 ./build/Debug/hal/STM32F10x_StdPeriph_Driver/src/stm32f10x_tim.o
 .text.TIM_ETRClockMode1Config
                0x00000000       0x12 ./build/Debug/hal/STM32F10x_StdPeriph_Driver/src/stm32f10x_tim.o
 .text.TIM_ETRClockMode2Config
                0x00000000       0x12 ./build/Debug/hal/STM32F10x_StdPeriph_Driver/src/stm32f10x_tim.o
 .text.TIM_PrescalerConfig
                0x00000000        0x6 ./build/Debug/hal/STM32F10x_StdPeriph_Driver/src/stm32f10x_tim.o
 .text.TIM_CounterModeConfig
                0x00000000        0xe ./build/Debug/hal/STM32F10x_StdPeriph_Driver/src/stm32f10x_tim.o
 .text.TIM_SelectInputTrigger
                0x00000000        0xe ./build/Debug/hal/STM32F10x_StdPeriph_Driver/src/stm32f10x_tim.o
 .text.TIM_ITRxExternalClockConfig
                0x00000000       0x12 ./build/Debug/hal/STM32F10x_StdPeriph_Driver/src/stm32f10x_tim.o
 .text.TIM_TIxExternalClockConfig
                0x00000000       0x2c ./build/Debug/hal/STM32F10x_StdPeriph_Driver/src/stm32f10x_tim.o
 .text.TIM_EncoderInterfaceConfig
                0x00000000       0x3a ./build/Debug/hal/STM32F10x_StdPeriph_Driver/src/stm32f10x_tim.o
 .text.TIM_ForcedOC1Config
                0x00000000        0xe ./build/Debug/hal/STM32F10x_StdPeriph_Driver/src/stm32f10x_tim.o
 .text.TIM_ForcedOC2Config
                0x00000000       0x12 ./build/Debug/hal/STM32F10x_StdPeriph_Driver/src/stm32f10x_tim.o
 .text.TIM_ForcedOC3Config
                0x00000000        0xe ./build/Debug/hal/STM32F10x_StdPeriph_Driver/src/stm32f10x_tim.o
 .text.TIM_ForcedOC4Config
                0x00000000       0x12 ./build/Debug/hal/STM32F10x_StdPeriph_Driver/src/stm32f10x_tim.o
 .text.TIM_ARRPreloadConfig
                0x00000000       0x1a ./build/Debug/hal/STM32F10x_StdPeriph_Driver/src/stm32f10x_tim.o
 .text.TIM_SelectCOM
                0x00000000       0x1a ./build/Debug/hal/STM32F10x_StdPeriph_Driver/src/stm32f10x_tim.o
 .text.TIM_SelectCCDMA
                0x00000000       0x1a ./build/Debug/hal/STM32F10x_StdPeriph_Driver/src/stm32f10x_tim.o
 .text.TIM_CCPreloadControl
                0x00000000       0x1a ./build/Debug/hal/STM32F10x_StdPeriph_Driver/src/stm32f10x_tim.o
 .text.TIM_OC1PreloadConfig
                0x00000000        0xe ./build/Debug/hal/STM32F10x_StdPeriph_Driver/src/stm32f10x_tim.o
 .text.TIM_OC2PreloadConfig
                0x00000000       0x12 ./build/Debug/hal/STM32F10x_StdPeriph_Driver/src/stm32f10x_tim.o
 .text.TIM_OC3PreloadConfig
                0x00000000        0xe ./build/Debug/hal/STM32F10x_StdPeriph_Driver/src/stm32f10x_tim.o
 .text.TIM_OC4PreloadConfig
                0x00000000       0x12 ./build/Debug/hal/STM32F10x_StdPeriph_Driver/src/stm32f10x_tim.o
 .text.TIM_OC1FastConfig
                0x00000000        0xe ./build/Debug/hal/STM32F10x_StdPeriph_Driver/src/stm32f10x_tim.o
 .text.TIM_OC2FastConfig
                0x00000000       0x12 ./build/Debug/hal/STM32F10x_StdPeriph_Driver/src/stm32f10x_tim.o
 .text.TIM_OC3FastConfig
                0x00000000        0xe ./build/Debug/hal/STM32F10x_StdPeriph_Driver/src/stm32f10x_tim.o
 .text.TIM_OC4FastConfig
                0x00000000       0x12 ./build/Debug/hal/STM32F10x_StdPeriph_Driver/src/stm32f10x_tim.o
 .text.TIM_ClearOC1Ref
                0x00000000        0xe ./build/Debug/hal/STM32F10x_StdPeriph_Driver/src/stm32f10x_tim.o
 .text.TIM_ClearOC2Ref
                0x00000000       0x10 ./build/Debug/hal/STM32F10x_StdPeriph_Driver/src/stm32f10x_tim.o
 .text.TIM_ClearOC3Ref
                0x00000000        0xe ./build/Debug/hal/STM32F10x_StdPeriph_Driver/src/stm32f10x_tim.o
 .text.TIM_ClearOC4Ref
                0x00000000       0x10 ./build/Debug/hal/STM32F10x_StdPeriph_Driver/src/stm32f10x_tim.o
 .text.TIM_OC1PolarityConfig
                0x00000000        0xe ./build/Debug/hal/STM32F10x_StdPeriph_Driver/src/stm32f10x_tim.o
 .text.TIM_OC1NPolarityConfig
                0x00000000        0xe ./build/Debug/hal/STM32F10x_StdPeriph_Driver/src/stm32f10x_tim.o
 .text.TIM_OC2PolarityConfig
                0x00000000       0x12 ./build/Debug/hal/STM32F10x_StdPeriph_Driver/src/stm32f10x_tim.o
 .text.TIM_OC2NPolarityConfig
                0x00000000       0x12 ./build/Debug/hal/STM32F10x_StdPeriph_Driver/src/stm32f10x_tim.o
 .text.TIM_OC3PolarityConfig
                0x00000000       0x12 ./build/Debug/hal/STM32F10x_StdPeriph_Driver/src/stm32f10x_tim.o
 .text.TIM_OC3NPolarityConfig
                0x00000000       0x12 ./build/Debug/hal/STM32F10x_StdPeriph_Driver/src/stm32f10x_tim.o
 .text.TIM_OC4PolarityConfig
                0x00000000       0x12 ./build/Debug/hal/STM32F10x_StdPeriph_Driver/src/stm32f10x_tim.o
 .text.TIM_CCxCmd
                0x00000000       0x20 ./build/Debug/hal/STM32F10x_StdPeriph_Driver/src/stm32f10x_tim.o
 .text.TIM_CCxNCmd
                0x00000000       0x20 ./build/Debug/hal/STM32F10x_StdPeriph_Driver/src/stm32f10x_tim.o
 .text.TIM_SelectOCxM
                0x00000000       0x48 ./build/Debug/hal/STM32F10x_StdPeriph_Driver/src/stm32f10x_tim.o
 .text.TIM_UpdateDisableConfig
                0x00000000       0x1a ./build/Debug/hal/STM32F10x_StdPeriph_Driver/src/stm32f10x_tim.o
 .text.TIM_UpdateRequestConfig
                0x00000000       0x1a ./build/Debug/hal/STM32F10x_StdPeriph_Driver/src/stm32f10x_tim.o
 .text.TIM_SelectHallSensor
                0x00000000       0x1a ./build/Debug/hal/STM32F10x_StdPeriph_Driver/src/stm32f10x_tim.o
 .text.TIM_SelectOnePulseMode
                0x00000000       0x14 ./build/Debug/hal/STM32F10x_StdPeriph_Driver/src/stm32f10x_tim.o
 .text.TIM_SelectOutputTrigger
                0x00000000       0x14 ./build/Debug/hal/STM32F10x_StdPeriph_Driver/src/stm32f10x_tim.o
 .text.TIM_SelectSlaveMode
                0x00000000       0x14 ./build/Debug/hal/STM32F10x_StdPeriph_Driver/src/stm32f10x_tim.o
 .text.TIM_SelectMasterSlaveMode
                0x00000000       0x14 ./build/Debug/hal/STM32F10x_StdPeriph_Driver/src/stm32f10x_tim.o
 .text.TIM_SetCounter
                0x00000000        0x4 ./build/Debug/hal/STM32F10x_StdPeriph_Driver/src/stm32f10x_tim.o
 .text.TIM_SetAutoreload
                0x00000000        0x4 ./build/Debug/hal/STM32F10x_StdPeriph_Driver/src/stm32f10x_tim.o
 .text.TIM_SetCompare1
                0x00000000        0x4 ./build/Debug/hal/STM32F10x_StdPeriph_Driver/src/stm32f10x_tim.o
 .text.TIM_SetCompare2
                0x00000000        0x4 ./build/Debug/hal/STM32F10x_StdPeriph_Driver/src/stm32f10x_tim.o
 .text.TIM_SetCompare3
                0x00000000        0x4 ./build/Debug/hal/STM32F10x_StdPeriph_Driver/src/stm32f10x_tim.o
 .text.TIM_SetCompare4
                0x00000000        0x6 ./build/Debug/hal/STM32F10x_StdPeriph_Driver/src/stm32f10x_tim.o
 .text.TIM_SetIC1Prescaler
                0x00000000       0x14 ./build/Debug/hal/STM32F10x_StdPeriph_Driver/src/stm32f10x_tim.o
 .text.TIM_SetIC2Prescaler
                0x00000000       0x18 ./build/Debug/hal/STM32F10x_StdPeriph_Driver/src/stm32f10x_tim.o
 .text.TIM_PWMIConfig
                0x00000000       0x6c ./build/Debug/hal/STM32F10x_StdPeriph_Driver/src/stm32f10x_tim.o
 .text.TIM_SetIC3Prescaler
                0x00000000       0x14 ./build/Debug/hal/STM32F10x_StdPeriph_Driver/src/stm32f10x_tim.o
 .text.TIM_SetIC4Prescaler
                0x00000000       0x18 ./build/Debug/hal/STM32F10x_StdPeriph_Driver/src/stm32f10x_tim.o
 .text.TIM_ICInit
                0x00000000       0x62 ./build/Debug/hal/STM32F10x_StdPeriph_Driver/src/stm32f10x_tim.o
 .text.TIM_SetClockDivision
                0x00000000       0x14 ./build/Debug/hal/STM32F10x_StdPeriph_Driver/src/stm32f10x_tim.o
 .text.TIM_GetCapture1
                0x00000000        0x4 ./build/Debug/hal/STM32F10x_StdPeriph_Driver/src/stm32f10x_tim.o
 .text.TIM_GetCapture2
                0x00000000        0x4 ./build/Debug/hal/STM32F10x_StdPeriph_Driver/src/stm32f10x_tim.o
 .text.TIM_GetCapture3
                0x00000000        0x4 ./build/Debug/hal/STM32F10x_StdPeriph_Driver/src/stm32f10x_tim.o
 .text.TIM_GetCapture4
                0x00000000        0x6 ./build/Debug/hal/STM32F10x_StdPeriph_Driver/src/stm32f10x_tim.o
 .text.TIM_GetCounter
                0x00000000        0x4 ./build/Debug/hal/STM32F10x_StdPeriph_Driver/src/stm32f10x_tim.o
 .text.TIM_GetPrescaler
                0x00000000        0x4 ./build/Debug/hal/STM32F10x_StdPeriph_Driver/src/stm32f10x_tim.o
 .text.TIM_GetFlagStatus
                0x00000000        0xe ./build/Debug/hal/STM32F10x_StdPeriph_Driver/src/stm32f10x_tim.o
 .text.TIM_ClearFlag
                0x00000000        0x8 ./build/Debug/hal/STM32F10x_StdPeriph_Driver/src/stm32f10x_tim.o
 .text.TIM_GetITStatus
                0x00000000       0x18 ./build/Debug/hal/STM32F10x_StdPeriph_Driver/src/stm32f10x_tim.o
 .text.TIM_ClearITPendingBit
                0x00000000        0x8 ./build/Debug/hal/STM32F10x_StdPeriph_Driver/src/stm32f10x_tim.o
 .debug_info    0x00000000     0x25a8 ./build/Debug/hal/STM32F10x_StdPeriph_Driver/src/stm32f10x_tim.o
 .debug_abbrev  0x00000000      0x22c ./build/Debug/hal/STM32F10x_StdPeriph_Driver/src/stm32f10x_tim.o
 .debug_loc     0x00000000     0x1dea ./build/Debug/hal/STM32F10x_StdPeriph_Driver/src/stm32f10x_tim.o
 .debug_aranges
                0x00000000      0x2f0 ./build/Debug/hal/STM32F10x_StdPeriph_Driver/src/stm32f10x_tim.o
 .debug_ranges  0x00000000      0x2e0 ./build/Debug/hal/STM32F10x_StdPeriph_Driver/src/stm32f10x_tim.o
 .debug_line    0x00000000     0x1a42 ./build/Debug/hal/STM32F10x_StdPeriph_Driver/src/stm32f10x_tim.o
 .debug_str     0x00000000      0xe80 ./build/Debug/hal/STM32F10x_StdPeriph_Driver/src/stm32f10x_tim.o
 .comment       0x00000000       0x77 ./build/Debug/hal/STM32F10x_StdPeriph_Driver/src/stm32f10x_tim.o
 .debug_frame   0x00000000      0x6c8 ./build/Debug/hal/STM32F10x_StdPeriph_Driver/src/stm32f10x_tim.o
 .ARM.attributes
                0x00000000       0x2d ./build/Debug/hal/STM32F10x_StdPeriph_Driver/src/stm32f10x_tim.o
 .text          0x00000000        0x0 ./build/Debug/hal/STM32F10x_StdPeriph_Driver/src/stm32f10x_usart.o
 .data          0x00000000        0x0 ./build/Debug/hal/STM32F10x_StdPeriph_Driver/src/stm32f10x_usart.o
 .bss           0x00000000        0x0 ./build/Debug/hal/STM32F10x_StdPeriph_Driver/src/stm32f10x_usart.o
 .text.USART_DeInit
                0x00000000       0xa4 ./build/Debug/hal/STM32F10x_StdPeriph_Driver/src/stm32f10x_usart.o
 .text.USART_Init
                0x00000000       0xc8 ./build/Debug/hal/STM32F10x_StdPeriph_Driver/src/stm32f10x_usart.o
 .text.USART_StructInit
                0x00000000       0x16 ./build/Debug/hal/STM32F10x_StdPeriph_Driver/src/stm32f10x_usart.o
 .text.USART_ClockInit
                0x00000000       0x20 ./build/Debug/hal/STM32F10x_StdPeriph_Driver/src/stm32f10x_usart.o
 .text.USART_ClockStructInit
                0x00000000        0xc ./build/Debug/hal/STM32F10x_StdPeriph_Driver/src/stm32f10x_usart.o
 .text.USART_Cmd
                0x00000000       0x1a ./build/Debug/hal/STM32F10x_StdPeriph_Driver/src/stm32f10x_usart.o
 .text.USART_ITConfig
                0x00000000       0x38 ./build/Debug/hal/STM32F10x_StdPeriph_Driver/src/stm32f10x_usart.o
 .text.USART_DMACmd
                0x00000000       0x14 ./build/Debug/hal/STM32F10x_StdPeriph_Driver/src/stm32f10x_usart.o
 .text.USART_SetAddress
                0x00000000       0x14 ./build/Debug/hal/STM32F10x_StdPeriph_Driver/src/stm32f10x_usart.o
 .text.USART_WakeUpConfig
                0x00000000       0x14 ./build/Debug/hal/STM32F10x_StdPeriph_Driver/src/stm32f10x_usart.o
 .text.USART_ReceiverWakeUpCmd
                0x00000000       0x1a ./build/Debug/hal/STM32F10x_StdPeriph_Driver/src/stm32f10x_usart.o
 .text.USART_LINBreakDetectLengthConfig
                0x00000000       0x14 ./build/Debug/hal/STM32F10x_StdPeriph_Driver/src/stm32f10x_usart.o
 .text.USART_LINCmd
                0x00000000       0x1a ./build/Debug/hal/STM32F10x_StdPeriph_Driver/src/stm32f10x_usart.o
 .text.USART_SendData
                0x00000000        0x8 ./build/Debug/hal/STM32F10x_StdPeriph_Driver/src/stm32f10x_usart.o
 .text.USART_ReceiveData
                0x00000000        0x8 ./build/Debug/hal/STM32F10x_StdPeriph_Driver/src/stm32f10x_usart.o
 .text.USART_SendBreak
                0x00000000        0xa ./build/Debug/hal/STM32F10x_StdPeriph_Driver/src/stm32f10x_usart.o
 .text.USART_SetGuardTime
                0x00000000       0x10 ./build/Debug/hal/STM32F10x_StdPeriph_Driver/src/stm32f10x_usart.o
 .text.USART_SetPrescaler
                0x00000000       0x10 ./build/Debug/hal/STM32F10x_StdPeriph_Driver/src/stm32f10x_usart.o
 .text.USART_SmartCardCmd
                0x00000000       0x1a ./build/Debug/hal/STM32F10x_StdPeriph_Driver/src/stm32f10x_usart.o
 .text.USART_SmartCardNACKCmd
                0x00000000       0x1a ./build/Debug/hal/STM32F10x_StdPeriph_Driver/src/stm32f10x_usart.o
 .text.USART_HalfDuplexCmd
                0x00000000       0x1a ./build/Debug/hal/STM32F10x_StdPeriph_Driver/src/stm32f10x_usart.o
 .text.USART_OverSampling8Cmd
                0x00000000       0x16 ./build/Debug/hal/STM32F10x_StdPeriph_Driver/src/stm32f10x_usart.o
 .text.USART_OneBitMethodCmd
                0x00000000       0x1a ./build/Debug/hal/STM32F10x_StdPeriph_Driver/src/stm32f10x_usart.o
 .text.USART_IrDAConfig
                0x00000000       0x14 ./build/Debug/hal/STM32F10x_StdPeriph_Driver/src/stm32f10x_usart.o
 .text.USART_IrDACmd
                0x00000000       0x1a ./build/Debug/hal/STM32F10x_StdPeriph_Driver/src/stm32f10x_usart.o
 .text.USART_GetFlagStatus
                0x00000000        0xe ./build/Debug/hal/STM32F10x_StdPeriph_Driver/src/stm32f10x_usart.o
 .text.USART_ClearFlag
                0x00000000        0x8 ./build/Debug/hal/STM32F10x_StdPeriph_Driver/src/stm32f10x_usart.o
 .text.USART_GetITStatus
                0x00000000       0x44 ./build/Debug/hal/STM32F10x_StdPeriph_Driver/src/stm32f10x_usart.o
 .text.USART_ClearITPendingBit
                0x00000000       0x10 ./build/Debug/hal/STM32F10x_StdPeriph_Driver/src/stm32f10x_usart.o
 .debug_info    0x00000000      0xc5c ./build/Debug/hal/STM32F10x_StdPeriph_Driver/src/stm32f10x_usart.o
 .debug_abbrev  0x00000000      0x202 ./build/Debug/hal/STM32F10x_StdPeriph_Driver/src/stm32f10x_usart.o
 .debug_loc     0x00000000      0x92a ./build/Debug/hal/STM32F10x_StdPeriph_Driver/src/stm32f10x_usart.o
 .debug_aranges
                0x00000000      0x100 ./build/Debug/hal/STM32F10x_StdPeriph_Driver/src/stm32f10x_usart.o
 .debug_ranges  0x00000000       0xf0 ./build/Debug/hal/STM32F10x_StdPeriph_Driver/src/stm32f10x_usart.o
 .debug_line    0x00000000      0x8c1 ./build/Debug/hal/STM32F10x_StdPeriph_Driver/src/stm32f10x_usart.o
 .debug_str     0x00000000      0x745 ./build/Debug/hal/STM32F10x_StdPeriph_Driver/src/stm32f10x_usart.o
 .comment       0x00000000       0x77 ./build/Debug/hal/STM32F10x_StdPeriph_Driver/src/stm32f10x_usart.o
 .debug_frame   0x00000000      0x224 ./build/Debug/hal/STM32F10x_StdPeriph_Driver/src/stm32f10x_usart.o
 .ARM.attributes
                0x00000000       0x2d ./build/Debug/hal/STM32F10x_StdPeriph_Driver/src/stm32f10x_usart.o
 .text          0x00000000        0x0 ./build/Debug/hal/STM32F10x_StdPeriph_Driver/system_stm32f10x.o
 .data          0x00000000        0x0 ./build/Debug/hal/STM32F10x_StdPeriph_Driver/system_stm32f10x.o
 .bss           0x00000000        0x0 ./build/Debug/hal/STM32F10x_StdPeriph_Driver/system_stm32f10x.o
 .text.SystemCoreClockUpdate
                0x00000000       0x94 ./build/Debug/hal/STM32F10x_StdPeriph_Driver/system_stm32f10x.o
 .data.AHBPrescTable
                0x00000000       0x10 ./build/Debug/hal/STM32F10x_StdPeriph_Driver/system_stm32f10x.o
 .data.SystemCoreClock
                0x00000000        0x4 ./build/Debug/hal/STM32F10x_StdPeriph_Driver/system_stm32f10x.o
 .text          0x00000000        0x0 ./build/Debug/src/main.o
 .data          0x00000000        0x0 ./build/Debug/src/main.o
 .bss           0x00000000        0x0 ./build/Debug/src/main.o
 .text          0x00000000        0x0 ./build/Debug/src/stm32f10x_it.o
 .data          0x00000000        0x0 ./build/Debug/src/stm32f10x_it.o
 .bss           0x00000000        0x0 ./build/Debug/src/stm32f10x_it.o
 .text          0x00000000       0x14 ./build/Debug/src/startup_stm32f10x_md.o
 .data          0x00000000        0x0 ./build/Debug/src/startup_stm32f10x_md.o
 .bss           0x00000000        0x0 ./build/Debug/src/startup_stm32f10x_md.o
 .text          0x00000000        0x0 c:/users/dell/.eide/tools/gcc_arm/bin/../lib/gcc/arm-none-eabi/8.3.1/../../../../arm-none-eabi/lib/thumb/v7-m/nofp\libc_nano.a(lib_a-exit.o)
 .data          0x00000000        0x0 c:/users/dell/.eide/tools/gcc_arm/bin/../lib/gcc/arm-none-eabi/8.3.1/../../../../arm-none-eabi/lib/thumb/v7-m/nofp\libc_nano.a(lib_a-exit.o)
 .bss           0x00000000        0x0 c:/users/dell/.eide/tools/gcc_arm/bin/../lib/gcc/arm-none-eabi/8.3.1/../../../../arm-none-eabi/lib/thumb/v7-m/nofp\libc_nano.a(lib_a-exit.o)
 .text.exit     0x00000000       0x28 c:/users/dell/.eide/tools/gcc_arm/bin/../lib/gcc/arm-none-eabi/8.3.1/../../../../arm-none-eabi/lib/thumb/v7-m/nofp\libc_nano.a(lib_a-exit.o)
 .debug_frame   0x00000000       0x28 c:/users/dell/.eide/tools/gcc_arm/bin/../lib/gcc/arm-none-eabi/8.3.1/../../../../arm-none-eabi/lib/thumb/v7-m/nofp\libc_nano.a(lib_a-exit.o)
 .ARM.attributes
                0x00000000       0x2d c:/users/dell/.eide/tools/gcc_arm/bin/../lib/gcc/arm-none-eabi/8.3.1/../../../../arm-none-eabi/lib/thumb/v7-m/nofp\libc_nano.a(lib_a-exit.o)
 .text          0x00000000        0x0 c:/users/dell/.eide/tools/gcc_arm/bin/../lib/gcc/arm-none-eabi/8.3.1/../../../../arm-none-eabi/lib/thumb/v7-m/nofp\libc_nano.a(lib_a-impure.o)
 .data          0x00000000        0x0 c:/users/dell/.eide/tools/gcc_arm/bin/../lib/gcc/arm-none-eabi/8.3.1/../../../../arm-none-eabi/lib/thumb/v7-m/nofp\libc_nano.a(lib_a-impure.o)
 .bss           0x00000000        0x0 c:/users/dell/.eide/tools/gcc_arm/bin/../lib/gcc/arm-none-eabi/8.3.1/../../../../arm-none-eabi/lib/thumb/v7-m/nofp\libc_nano.a(lib_a-impure.o)
 .data._impure_ptr
                0x00000000        0x4 c:/users/dell/.eide/tools/gcc_arm/bin/../lib/gcc/arm-none-eabi/8.3.1/../../../../arm-none-eabi/lib/thumb/v7-m/nofp\libc_nano.a(lib_a-impure.o)
 .data.impure_data
                0x00000000       0x60 c:/users/dell/.eide/tools/gcc_arm/bin/../lib/gcc/arm-none-eabi/8.3.1/../../../../arm-none-eabi/lib/thumb/v7-m/nofp\libc_nano.a(lib_a-impure.o)
 .rodata._global_impure_ptr
                0x00000000        0x4 c:/users/dell/.eide/tools/gcc_arm/bin/../lib/gcc/arm-none-eabi/8.3.1/../../../../arm-none-eabi/lib/thumb/v7-m/nofp\libc_nano.a(lib_a-impure.o)
 .ARM.attributes
                0x00000000       0x2d c:/users/dell/.eide/tools/gcc_arm/bin/../lib/gcc/arm-none-eabi/8.3.1/../../../../arm-none-eabi/lib/thumb/v7-m/nofp\libc_nano.a(lib_a-impure.o)
 .text          0x00000000        0x0 c:/users/dell/.eide/tools/gcc_arm/bin/../lib/gcc/arm-none-eabi/8.3.1/../../../../arm-none-eabi/lib/thumb/v7-m/nofp\libc_nano.a(lib_a-init.o)
 .data          0x00000000        0x0 c:/users/dell/.eide/tools/gcc_arm/bin/../lib/gcc/arm-none-eabi/8.3.1/../../../../arm-none-eabi/lib/thumb/v7-m/nofp\libc_nano.a(lib_a-init.o)
 .bss           0x00000000        0x0 c:/users/dell/.eide/tools/gcc_arm/bin/../lib/gcc/arm-none-eabi/8.3.1/../../../../arm-none-eabi/lib/thumb/v7-m/nofp\libc_nano.a(lib_a-init.o)
 .text          0x00000000        0x0 c:/users/dell/.eide/tools/gcc_arm/bin/../lib/gcc/arm-none-eabi/8.3.1/../../../../arm-none-eabi/lib/thumb/v7-m/nofp\libc_nano.a(lib_a-memset.o)
 .data          0x00000000        0x0 c:/users/dell/.eide/tools/gcc_arm/bin/../lib/gcc/arm-none-eabi/8.3.1/../../../../arm-none-eabi/lib/thumb/v7-m/nofp\libc_nano.a(lib_a-memset.o)
 .bss           0x00000000        0x0 c:/users/dell/.eide/tools/gcc_arm/bin/../lib/gcc/arm-none-eabi/8.3.1/../../../../arm-none-eabi/lib/thumb/v7-m/nofp\libc_nano.a(lib_a-memset.o)
 .text.memset   0x00000000       0x10 c:/users/dell/.eide/tools/gcc_arm/bin/../lib/gcc/arm-none-eabi/8.3.1/../../../../arm-none-eabi/lib/thumb/v7-m/nofp\libc_nano.a(lib_a-memset.o)
 .debug_frame   0x00000000       0x20 c:/users/dell/.eide/tools/gcc_arm/bin/../lib/gcc/arm-none-eabi/8.3.1/../../../../arm-none-eabi/lib/thumb/v7-m/nofp\libc_nano.a(lib_a-memset.o)
 .ARM.attributes
                0x00000000       0x2d c:/users/dell/.eide/tools/gcc_arm/bin/../lib/gcc/arm-none-eabi/8.3.1/../../../../arm-none-eabi/lib/thumb/v7-m/nofp\libc_nano.a(lib_a-memset.o)
 .text          0x00000000        0x0 c:/users/dell/.eide/tools/gcc_arm/bin/../lib/gcc/arm-none-eabi/8.3.1/../../../../arm-none-eabi/lib/thumb/v7-m/nofp\libnosys.a(_exit.o)
 .data          0x00000000        0x0 c:/users/dell/.eide/tools/gcc_arm/bin/../lib/gcc/arm-none-eabi/8.3.1/../../../../arm-none-eabi/lib/thumb/v7-m/nofp\libnosys.a(_exit.o)
 .bss           0x00000000        0x0 c:/users/dell/.eide/tools/gcc_arm/bin/../lib/gcc/arm-none-eabi/8.3.1/../../../../arm-none-eabi/lib/thumb/v7-m/nofp\libnosys.a(_exit.o)
 .text._exit    0x00000000        0x4 c:/users/dell/.eide/tools/gcc_arm/bin/../lib/gcc/arm-none-eabi/8.3.1/../../../../arm-none-eabi/lib/thumb/v7-m/nofp\libnosys.a(_exit.o)
 .debug_frame   0x00000000       0x20 c:/users/dell/.eide/tools/gcc_arm/bin/../lib/gcc/arm-none-eabi/8.3.1/../../../../arm-none-eabi/lib/thumb/v7-m/nofp\libnosys.a(_exit.o)
 .ARM.attributes
                0x00000000       0x2d c:/users/dell/.eide/tools/gcc_arm/bin/../lib/gcc/arm-none-eabi/8.3.1/../../../../arm-none-eabi/lib/thumb/v7-m/nofp\libnosys.a(_exit.o)
 .text          0x00000000        0x0 c:/users/dell/.eide/tools/gcc_arm/bin/../lib/gcc/arm-none-eabi/8.3.1/thumb/v7-m/nofp/crtend.o
 .data          0x00000000        0x0 c:/users/dell/.eide/tools/gcc_arm/bin/../lib/gcc/arm-none-eabi/8.3.1/thumb/v7-m/nofp/crtend.o
 .bss           0x00000000        0x0 c:/users/dell/.eide/tools/gcc_arm/bin/../lib/gcc/arm-none-eabi/8.3.1/thumb/v7-m/nofp/crtend.o
 .eh_frame      0x00000000        0x4 c:/users/dell/.eide/tools/gcc_arm/bin/../lib/gcc/arm-none-eabi/8.3.1/thumb/v7-m/nofp/crtend.o
 .ARM.attributes
                0x00000000       0x2d c:/users/dell/.eide/tools/gcc_arm/bin/../lib/gcc/arm-none-eabi/8.3.1/thumb/v7-m/nofp/crtend.o
 .text          0x00000000        0x0 c:/users/dell/.eide/tools/gcc_arm/bin/../lib/gcc/arm-none-eabi/8.3.1/thumb/v7-m/nofp/crtn.o
 .data          0x00000000        0x0 c:/users/dell/.eide/tools/gcc_arm/bin/../lib/gcc/arm-none-eabi/8.3.1/thumb/v7-m/nofp/crtn.o
 .bss           0x00000000        0x0 c:/users/dell/.eide/tools/gcc_arm/bin/../lib/gcc/arm-none-eabi/8.3.1/thumb/v7-m/nofp/crtn.o

Memory Configuration

Name             Origin             Length             Attributes
FLASH            0x08000000         0x00020000         xr
RAM              0x20000000         0x00005000         xrw
MEMORY_B1        0x60000000         0x00000000         xr
*default*        0x00000000         0xffffffff

Linker script and memory map

LOAD c:/users/dell/.eide/tools/gcc_arm/bin/../lib/gcc/arm-none-eabi/8.3.1/thumb/v7-m/nofp/crti.o
LOAD c:/users/dell/.eide/tools/gcc_arm/bin/../lib/gcc/arm-none-eabi/8.3.1/thumb/v7-m/nofp/crtbegin.o
LOAD c:/users/dell/.eide/tools/gcc_arm/bin/../lib/gcc/arm-none-eabi/8.3.1/../../../../arm-none-eabi/lib/thumb/v7-m/nofp/crt0.o
LOAD ./build/Debug/hal/STM32F10x_StdPeriph_Driver/src/misc.o
LOAD ./build/Debug/hal/STM32F10x_StdPeriph_Driver/src/stm32f10x_adc.o
LOAD ./build/Debug/hal/STM32F10x_StdPeriph_Driver/src/stm32f10x_exti.o
LOAD ./build/Debug/hal/STM32F10x_StdPeriph_Driver/src/stm32f10x_gpio.o
LOAD ./build/Debug/hal/STM32F10x_StdPeriph_Driver/src/stm32f10x_rcc.o
LOAD ./build/Debug/hal/STM32F10x_StdPeriph_Driver/src/stm32f10x_spi.o
LOAD ./build/Debug/hal/STM32F10x_StdPeriph_Driver/src/stm32f10x_tim.o
LOAD ./build/Debug/hal/STM32F10x_StdPeriph_Driver/src/stm32f10x_usart.o
LOAD ./build/Debug/hal/STM32F10x_StdPeriph_Driver/system_stm32f10x.o
LOAD ./build/Debug/src/main.o
LOAD ./build/Debug/src/stm32f10x_it.o
LOAD ./build/Debug/src/startup_stm32f10x_md.o
LOAD c:/users/dell/.eide/tools/gcc_arm/bin/../lib/gcc/arm-none-eabi/8.3.1/../../../../arm-none-eabi/lib/thumb/v7-m/nofp\libm.a
START GROUP
LOAD c:/users/dell/.eide/tools/gcc_arm/bin/../lib/gcc/arm-none-eabi/8.3.1/thumb/v7-m/nofp\libgcc.a
LOAD c:/users/dell/.eide/tools/gcc_arm/bin/../lib/gcc/arm-none-eabi/8.3.1/../../../../arm-none-eabi/lib/thumb/v7-m/nofp\libc_nano.a
END GROUP
START GROUP
LOAD c:/users/dell/.eide/tools/gcc_arm/bin/../lib/gcc/arm-none-eabi/8.3.1/thumb/v7-m/nofp\libgcc.a
LOAD c:/users/dell/.eide/tools/gcc_arm/bin/../lib/gcc/arm-none-eabi/8.3.1/../../../../arm-none-eabi/lib/thumb/v7-m/nofp\libc_nano.a
LOAD c:/users/dell/.eide/tools/gcc_arm/bin/../lib/gcc/arm-none-eabi/8.3.1/../../../../arm-none-eabi/lib/thumb/v7-m/nofp\libnosys.a
END GROUP
START GROUP
LOAD c:/users/dell/.eide/tools/gcc_arm/bin/../lib/gcc/arm-none-eabi/8.3.1/thumb/v7-m/nofp\libgcc.a
LOAD c:/users/dell/.eide/tools/gcc_arm/bin/../lib/gcc/arm-none-eabi/8.3.1/../../../../arm-none-eabi/lib/thumb/v7-m/nofp\libc_nano.a
LOAD c:/users/dell/.eide/tools/gcc_arm/bin/../lib/gcc/arm-none-eabi/8.3.1/../../../../arm-none-eabi/lib/thumb/v7-m/nofp\libnosys.a
END GROUP
LOAD c:/users/dell/.eide/tools/gcc_arm/bin/../lib/gcc/arm-none-eabi/8.3.1/thumb/v7-m/nofp/crtend.o
LOAD c:/users/dell/.eide/tools/gcc_arm/bin/../lib/gcc/arm-none-eabi/8.3.1/thumb/v7-m/nofp/crtn.o
                0x20005000                _estack = 0x20005000
                0x00000000                _Min_Heap_Size = 0x0
                0x00000100                _Min_Stack_Size = 0x100

.isr_vector     0x08000000      0x10c
                0x08000000                . = ALIGN (0x4)
 *(.isr_vector)
 .isr_vector    0x08000000      0x10c ./build/Debug/src/startup_stm32f10x_md.o
                0x08000000                g_pfnVectors
                0x0800010c                . = ALIGN (0x4)

.eh_frame       0x0800010c        0x0
 .eh_frame      0x0800010c        0x0 c:/users/dell/.eide/tools/gcc_arm/bin/../lib/gcc/arm-none-eabi/8.3.1/thumb/v7-m/nofp/crtbegin.o

.text           0x0800010c      0x358
                0x0800010c                . = ALIGN (0x4)
 *(.text)
 .text          0x0800010c       0x40 c:/users/dell/.eide/tools/gcc_arm/bin/../lib/gcc/arm-none-eabi/8.3.1/thumb/v7-m/nofp/crtbegin.o
 *(.text*)
 .text.GPIO_Init
                0x0800014c       0x9e ./build/Debug/hal/STM32F10x_StdPeriph_Driver/src/stm32f10x_gpio.o
                0x0800014c                GPIO_Init
 .text.GPIO_ReadInputDataBit
                0x080001ea        0xe ./build/Debug/hal/STM32F10x_StdPeriph_Driver/src/stm32f10x_gpio.o
                0x080001ea                GPIO_ReadInputDataBit
 .text.GPIO_WriteBit
                0x080001f8        0xa ./build/Debug/hal/STM32F10x_StdPeriph_Driver/src/stm32f10x_gpio.o
                0x080001f8                GPIO_WriteBit
 *fill*         0x08000202        0x2 
 .text.RCC_APB2PeriphClockCmd
                0x08000204       0x1c ./build/Debug/hal/STM32F10x_StdPeriph_Driver/src/stm32f10x_rcc.o
                0x08000204                RCC_APB2PeriphClockCmd
 .text.SetSysClockTo72
                0x08000220       0xc4 ./build/Debug/hal/STM32F10x_StdPeriph_Driver/system_stm32f10x.o
 .text.SetSysClock
                0x080002e4        0x8 ./build/Debug/hal/STM32F10x_StdPeriph_Driver/system_stm32f10x.o
 .text.SystemInit
                0x080002ec       0x50 ./build/Debug/hal/STM32F10x_StdPeriph_Driver/system_stm32f10x.o
                0x080002ec                SystemInit
 .text.delay    0x0800033c       0x1a ./build/Debug/src/main.o
                0x0800033c                delay
 *fill*         0x08000356        0x2 
 .text.main     0x08000358       0x4c ./build/Debug/src/main.o
                0x08000358                main
 .text.NMI_Handler
                0x080003a4        0x2 ./build/Debug/src/stm32f10x_it.o
                0x080003a4                NMI_Handler
 .text.HardFault_Handler
                0x080003a6        0x2 ./build/Debug/src/stm32f10x_it.o
                0x080003a6                HardFault_Handler
 .text.MemManage_Handler
                0x080003a8        0x2 ./build/Debug/src/stm32f10x_it.o
                0x080003a8                MemManage_Handler
 .text.BusFault_Handler
                0x080003aa        0x2 ./build/Debug/src/stm32f10x_it.o
                0x080003aa                BusFault_Handler
 .text.UsageFault_Handler
                0x080003ac        0x2 ./build/Debug/src/stm32f10x_it.o
                0x080003ac                UsageFault_Handler
 .text.SVC_Handler
                0x080003ae        0x2 ./build/Debug/src/stm32f10x_it.o
                0x080003ae                SVC_Handler
 .text.DebugMon_Handler
                0x080003b0        0x2 ./build/Debug/src/stm32f10x_it.o
                0x080003b0                DebugMon_Handler
 .text.PendSV_Handler
                0x080003b2        0x2 ./build/Debug/src/stm32f10x_it.o
                0x080003b2                PendSV_Handler
 .text.SysTick_Handler
                0x080003b4        0x2 ./build/Debug/src/stm32f10x_it.o
                0x080003b4                SysTick_Handler
 *fill*         0x080003b6        0x2 
 .text.Reset_Handler
                0x080003b8       0x48 ./build/Debug/src/startup_stm32f10x_md.o
                0x080003b8                Reset_Handler
 .text.Default_Handler
                0x08000400        0x2 ./build/Debug/src/startup_stm32f10x_md.o
                0x08000400                EXTI2_IRQHandler
                0x08000400                TIM1_CC_IRQHandler
                0x08000400                PVD_IRQHandler
                0x08000400                EXTI3_IRQHandler
                0x08000400                EXTI0_IRQHandler
                0x08000400                I2C2_EV_IRQHandler
                0x08000400                ADC1_2_IRQHandler
                0x08000400                SPI1_IRQHandler
                0x08000400                TAMPER_IRQHandler
                0x08000400                DMA1_Channel4_IRQHandler
                0x08000400                USART3_IRQHandler
                0x08000400                RTC_IRQHandler
                0x08000400                DMA1_Channel7_IRQHandler
                0x08000400                CAN1_RX1_IRQHandler
                0x08000400                TIM4_IRQHandler
                0x08000400                I2C1_EV_IRQHandler
                0x08000400                DMA1_Channel6_IRQHandler
                0x08000400                TIM3_IRQHandler
                0x08000400                RCC_IRQHandler
                0x08000400                TIM1_TRG_COM_IRQHandler
                0x08000400                DMA1_Channel1_IRQHandler
                0x08000400                Default_Handler
                0x08000400                EXTI15_10_IRQHandler
                0x08000400                EXTI9_5_IRQHandler
                0x08000400                SPI2_IRQHandler
                0x08000400                DMA1_Channel5_IRQHandler
                0x08000400                EXTI4_IRQHandler
                0x08000400                USB_LP_CAN1_RX0_IRQHandler
                0x08000400                USB_HP_CAN1_TX_IRQHandler
                0x08000400                DMA1_Channel3_IRQHandler
                0x08000400                TIM1_UP_IRQHandler
                0x08000400                WWDG_IRQHandler
                0x08000400                TIM2_IRQHandler
                0x08000400                TIM1_BRK_IRQHandler
                0x08000400                EXTI1_IRQHandler
                0x08000400                RTCAlarm_IRQHandler
                0x08000400                USART2_IRQHandler
                0x08000400                I2C2_ER_IRQHandler
                0x08000400                DMA1_Channel2_IRQHandler
                0x08000400                CAN1_SCE_IRQHandler
                0x08000400                FLASH_IRQHandler
                0x08000400                USART1_IRQHandler
                0x08000400                I2C1_ER_IRQHandler
                0x08000400                USBWakeUp_IRQHandler
 *fill*         0x08000402        0x2 
 .text.__libc_init_array
                0x08000404       0x48 c:/users/dell/.eide/tools/gcc_arm/bin/../lib/gcc/arm-none-eabi/8.3.1/../../../../arm-none-eabi/lib/thumb/v7-m/nofp\libc_nano.a(lib_a-init.o)
                0x08000404                __libc_init_array
 *(.rodata)
 *(.rodata*)
 *(.glue_7)
 .glue_7        0x0800044c        0x0 linker stubs
 *(.glue_7t)
 .glue_7t       0x0800044c        0x0 linker stubs
 *(.init)
 .init          0x0800044c        0x4 c:/users/dell/.eide/tools/gcc_arm/bin/../lib/gcc/arm-none-eabi/8.3.1/thumb/v7-m/nofp/crti.o
                0x0800044c                _init
 .init          0x08000450        0x8 c:/users/dell/.eide/tools/gcc_arm/bin/../lib/gcc/arm-none-eabi/8.3.1/thumb/v7-m/nofp/crtn.o
 *(.fini)
 .fini          0x08000458        0x4 c:/users/dell/.eide/tools/gcc_arm/bin/../lib/gcc/arm-none-eabi/8.3.1/thumb/v7-m/nofp/crti.o
                0x08000458                _fini
 .fini          0x0800045c        0x8 c:/users/dell/.eide/tools/gcc_arm/bin/../lib/gcc/arm-none-eabi/8.3.1/thumb/v7-m/nofp/crtn.o
                0x08000464                . = ALIGN (0x4)
                0x08000464                _etext = .

.vfp11_veneer   0x08000464        0x0
 .vfp11_veneer  0x08000464        0x0 linker stubs

.v4_bx          0x08000464        0x0
 .v4_bx         0x08000464        0x0 linker stubs

.iplt           0x08000464        0x0
 .iplt          0x08000464        0x0 c:/users/dell/.eide/tools/gcc_arm/bin/../lib/gcc/arm-none-eabi/8.3.1/thumb/v7-m/nofp/crtbegin.o

.rel.dyn        0x08000464        0x0
 .rel.iplt      0x08000464        0x0 c:/users/dell/.eide/tools/gcc_arm/bin/../lib/gcc/arm-none-eabi/8.3.1/thumb/v7-m/nofp/crtbegin.o

.ARM.extab
 *(.ARM.extab* .gnu.linkonce.armextab.*)

.ARM            0x08000464        0x0
                0x08000464                __exidx_start = .
 *(.ARM.exidx*)
                0x08000464                __exidx_end = .

.ARM.attributes
                0x08000464       0x29
 *(.ARM.attributes)
 .ARM.attributes
                0x08000464       0x1d c:/users/dell/.eide/tools/gcc_arm/bin/../lib/gcc/arm-none-eabi/8.3.1/thumb/v7-m/nofp/crti.o
 .ARM.attributes
                0x08000481       0x2d c:/users/dell/.eide/tools/gcc_arm/bin/../lib/gcc/arm-none-eabi/8.3.1/thumb/v7-m/nofp/crtbegin.o
 .ARM.attributes
                0x080004ae       0x2d ./build/Debug/hal/STM32F10x_StdPeriph_Driver/src/stm32f10x_gpio.o
 .ARM.attributes
                0x080004db       0x2d ./build/Debug/hal/STM32F10x_StdPeriph_Driver/src/stm32f10x_rcc.o
 .ARM.attributes
                0x08000508       0x2d ./build/Debug/hal/STM32F10x_StdPeriph_Driver/system_stm32f10x.o
 .ARM.attributes
                0x08000535       0x2d ./build/Debug/src/main.o
 .ARM.attributes
                0x08000562       0x2d ./build/Debug/src/stm32f10x_it.o
 .ARM.attributes
                0x0800058f       0x21 ./build/Debug/src/startup_stm32f10x_md.o
 .ARM.attributes
                0x080005b0       0x2d c:/users/dell/.eide/tools/gcc_arm/bin/../lib/gcc/arm-none-eabi/8.3.1/../../../../arm-none-eabi/lib/thumb/v7-m/nofp\libc_nano.a(lib_a-init.o)
 .ARM.attributes
                0x080005dd       0x1d c:/users/dell/.eide/tools/gcc_arm/bin/../lib/gcc/arm-none-eabi/8.3.1/thumb/v7-m/nofp/crtn.o

.preinit_array  0x08000464        0x0
                0x08000464                PROVIDE (__preinit_array_start = .)
 *(.preinit_array*)
                0x08000464                PROVIDE (__preinit_array_end = .)

.init_array     0x08000464        0x4
                0x08000464                PROVIDE (__init_array_start = .)
 *(SORT_BY_NAME(.init_array.*))
 *(.init_array*)
 .init_array    0x08000464        0x4 c:/users/dell/.eide/tools/gcc_arm/bin/../lib/gcc/arm-none-eabi/8.3.1/thumb/v7-m/nofp/crtbegin.o
                0x08000468                PROVIDE (__init_array_end = .)

.fini_array     0x08000468        0x4
                [!provide]                PROVIDE (__fini_array_start = .)
 *(.fini_array*)
 .fini_array    0x08000468        0x4 c:/users/dell/.eide/tools/gcc_arm/bin/../lib/gcc/arm-none-eabi/8.3.1/thumb/v7-m/nofp/crtbegin.o
 *(SORT_BY_NAME(.fini_array.*))
                [!provide]                PROVIDE (__fini_array_end = .)
                0x0800046c                _sidata = .

.data           0x20000000        0x0 load address 0x0800046c
                0x20000000                . = ALIGN (0x4)
                0x20000000                _sdata = .
 *(.data)
 *(.data*)
                0x20000000                . = ALIGN (0x4)
                0x20000000                _edata = .

.igot.plt       0x20000000        0x0
 .igot.plt      0x20000000        0x0 c:/users/dell/.eide/tools/gcc_arm/bin/../lib/gcc/arm-none-eabi/8.3.1/thumb/v7-m/nofp/crtbegin.o
                0x20000000                . = ALIGN (0x4)

.bss            0x20000000       0x1c
                0x20000000                _sbss = .
                0x20000000                __bss_start__ = _sbss
 *(.bss)
 .bss           0x20000000       0x1c c:/users/dell/.eide/tools/gcc_arm/bin/../lib/gcc/arm-none-eabi/8.3.1/thumb/v7-m/nofp/crtbegin.o
 *(.bss*)
 *(COMMON)
                0x2000001c                . = ALIGN (0x4)
                0x2000001c                _ebss = .
                0x2000001c                __bss_end__ = _ebss
                [!provide]                PROVIDE (end = _ebss)
                [!provide]                PROVIDE (_end = _ebss)

._user_heap_stack
                0x2000001c      0x100
                0x2000001c                . = ALIGN (0x4)
                0x2000001c                . = (. + _Min_Heap_Size)
                0x2000011c                . = (. + _Min_Stack_Size)
 *fill*         0x2000001c      0x100 
                0x2000011c                . = ALIGN (0x4)

.memory_b1_text
 *(.mb1text)
 *(.mb1text*)
 *(.mb1rodata)
 *(.mb1rodata*)

/DISCARD/
 libc.a(*)
 libm.a(*)
 libgcc.a(*)
OUTPUT(./build/Debug/vscode_stm32f1_test.elf elf32-littlearm)

.debug_info     0x00000000     0x1d1f
 .debug_info    0x00000000      0x960 ./build/Debug/hal/STM32F10x_StdPeriph_Driver/src/stm32f10x_gpio.o
 .debug_info    0x00000960      0x9bb ./build/Debug/hal/STM32F10x_StdPeriph_Driver/src/stm32f10x_rcc.o
 .debug_info    0x0000131b      0x50c ./build/Debug/hal/STM32F10x_StdPeriph_Driver/system_stm32f10x.o
 .debug_info    0x00001827      0x37a ./build/Debug/src/main.o
 .debug_info    0x00001ba1      0x15c ./build/Debug/src/stm32f10x_it.o
 .debug_info    0x00001cfd       0x22 ./build/Debug/src/startup_stm32f10x_md.o

.debug_abbrev   0x00000000      0x83f
 .debug_abbrev  0x00000000      0x246 ./build/Debug/hal/STM32F10x_StdPeriph_Driver/src/stm32f10x_gpio.o
 .debug_abbrev  0x00000246      0x22a ./build/Debug/hal/STM32F10x_StdPeriph_Driver/src/stm32f10x_rcc.o
 .debug_abbrev  0x00000470      0x19a ./build/Debug/hal/STM32F10x_StdPeriph_Driver/system_stm32f10x.o
 .debug_abbrev  0x0000060a      0x1a3 ./build/Debug/src/main.o
 .debug_abbrev  0x000007ad       0x80 ./build/Debug/src/stm32f10x_it.o
 .debug_abbrev  0x0000082d       0x12 ./build/Debug/src/startup_stm32f10x_md.o

.debug_loc      0x00000000      0xe27
 .debug_loc     0x00000000      0x6ca ./build/Debug/hal/STM32F10x_StdPeriph_Driver/src/stm32f10x_gpio.o
 .debug_loc     0x000006ca      0x619 ./build/Debug/hal/STM32F10x_StdPeriph_Driver/src/stm32f10x_rcc.o
 .debug_loc     0x00000ce3       0xff ./build/Debug/hal/STM32F10x_StdPeriph_Driver/system_stm32f10x.o
 .debug_loc     0x00000de2       0x45 ./build/Debug/src/main.o

.debug_aranges  0x00000000      0x2a8
 .debug_aranges
                0x00000000       0xa8 ./build/Debug/hal/STM32F10x_StdPeriph_Driver/src/stm32f10x_gpio.o
 .debug_aranges
                0x000000a8      0x118 ./build/Debug/hal/STM32F10x_StdPeriph_Driver/src/stm32f10x_rcc.o
 .debug_aranges
                0x000001c0       0x38 ./build/Debug/hal/STM32F10x_StdPeriph_Driver/system_stm32f10x.o
 .debug_aranges
                0x000001f8       0x28 ./build/Debug/src/main.o
 .debug_aranges
                0x00000220       0x60 ./build/Debug/src/stm32f10x_it.o
 .debug_aranges
                0x00000280       0x28 ./build/Debug/src/startup_stm32f10x_md.o

.debug_ranges   0x00000000      0x250
 .debug_ranges  0x00000000       0x98 ./build/Debug/hal/STM32F10x_StdPeriph_Driver/src/stm32f10x_gpio.o
 .debug_ranges  0x00000098      0x108 ./build/Debug/hal/STM32F10x_StdPeriph_Driver/src/stm32f10x_rcc.o
 .debug_ranges  0x000001a0       0x28 ./build/Debug/hal/STM32F10x_StdPeriph_Driver/system_stm32f10x.o
 .debug_ranges  0x000001c8       0x18 ./build/Debug/src/main.o
 .debug_ranges  0x000001e0       0x50 ./build/Debug/src/stm32f10x_it.o
 .debug_ranges  0x00000230       0x20 ./build/Debug/src/startup_stm32f10x_md.o

.debug_line     0x00000000     0x174c
 .debug_line    0x00000000      0x6bf ./build/Debug/hal/STM32F10x_StdPeriph_Driver/src/stm32f10x_gpio.o
 .debug_line    0x000006bf      0x879 ./build/Debug/hal/STM32F10x_StdPeriph_Driver/src/stm32f10x_rcc.o
 .debug_line    0x00000f38      0x38b ./build/Debug/hal/STM32F10x_StdPeriph_Driver/system_stm32f10x.o
 .debug_line    0x000012c3      0x218 ./build/Debug/src/main.o
 .debug_line    0x000014db      0x1f8 ./build/Debug/src/stm32f10x_it.o
 .debug_line    0x000016d3       0x79 ./build/Debug/src/startup_stm32f10x_md.o

.debug_str      0x00000000      0xb57
 .debug_str     0x00000000      0x54f ./build/Debug/hal/STM32F10x_StdPeriph_Driver/src/stm32f10x_gpio.o
                                0x5a5 (size before relaxing)
 .debug_str     0x0000054f      0x42f ./build/Debug/hal/STM32F10x_StdPeriph_Driver/src/stm32f10x_rcc.o
                                0x68f (size before relaxing)
 .debug_str     0x0000097e       0xe9 ./build/Debug/hal/STM32F10x_StdPeriph_Driver/system_stm32f10x.o
                                0x351 (size before relaxing)
 .debug_str     0x00000a67       0x20 ./build/Debug/src/main.o
                                0x376 (size before relaxing)
 .debug_str     0x00000a87       0xa5 ./build/Debug/src/stm32f10x_it.o
                                0x25a (size before relaxing)
 .debug_str     0x00000b2c       0x2b ./build/Debug/src/startup_stm32f10x_md.o
                                 0x6d (size before relaxing)

.comment        0x00000000       0x76
 .comment       0x00000000       0x76 ./build/Debug/hal/STM32F10x_StdPeriph_Driver/src/stm32f10x_gpio.o
                                 0x77 (size before relaxing)
 .comment       0x00000076       0x77 ./build/Debug/hal/STM32F10x_StdPeriph_Driver/src/stm32f10x_rcc.o
 .comment       0x00000076       0x77 ./build/Debug/hal/STM32F10x_StdPeriph_Driver/system_stm32f10x.o
 .comment       0x00000076       0x77 ./build/Debug/src/main.o
 .comment       0x00000076       0x77 ./build/Debug/src/stm32f10x_it.o

.debug_frame    0x00000000      0x508
 .debug_frame   0x00000000      0x170 ./build/Debug/hal/STM32F10x_StdPeriph_Driver/src/stm32f10x_gpio.o
 .debug_frame   0x00000170      0x228 ./build/Debug/hal/STM32F10x_StdPeriph_Driver/src/stm32f10x_rcc.o
 .debug_frame   0x00000398       0x6c ./build/Debug/hal/STM32F10x_StdPeriph_Driver/system_stm32f10x.o
 .debug_frame   0x00000404       0x38 ./build/Debug/src/main.o
 .debug_frame   0x0000043c       0xa0 ./build/Debug/src/stm32f10x_it.o
 .debug_frame   0x000004dc       0x2c c:/users/dell/.eide/tools/gcc_arm/bin/../lib/gcc/arm-none-eabi/8.3.1/../../../../arm-none-eabi/lib/thumb/v7-m/nofp\libc_nano.a(lib_a-init.o)
